2025-11-17 01:15:30 [INFO] src.models.base: Using device: mps
2025-11-17 01:15:32 [INFO] src.data.dataset: Loading dataset: cardiffnlp/tweet_eval task: sentiment
2025-11-17 01:15:35 [INFO] src.data.dataset: Dataset loaded succesfully. Splits: ['train', 'test', 'validation']
2025-11-17 01:15:35 [INFO] src.data.dataset: Train set size 45615
2025-11-17 01:15:35 [INFO] src.data.dataset: Validation set size 2000
2025-11-17 01:15:35 [INFO] src.data.dataset: Test set size 12284
2025-11-17 01:15:36 [INFO] src.data.preprocessing: Preprocessing train split...
2025-11-17 01:15:36 [INFO] src.data.preprocessing: Preprocessing test split...
2025-11-17 01:15:36 [INFO] src.data.preprocessing: Preprocessing validation split...
2025-11-17 01:15:36 [WARNING] src.models.base: Failed to replace model.layers.0.self_attn.k_proj: 'LoRALayer' object has no attribute 'rank'
2025-11-17 01:15:36 [WARNING] src.models.base: Failed to replace model.layers.0.self_attn.v_proj: 'LoRALayer' object has no attribute 'rank'
2025-11-17 01:15:36 [WARNING] src.models.base: Failed to replace model.layers.1.self_attn.k_proj: 'LoRALayer' object has no attribute 'rank'
2025-11-17 01:15:36 [WARNING] src.models.base: Failed to replace model.layers.1.self_attn.v_proj: 'LoRALayer' object has no attribute 'rank'
2025-11-17 01:15:36 [WARNING] src.models.base: Failed to replace model.layers.2.self_attn.k_proj: 'LoRALayer' object has no attribute 'rank'
2025-11-17 01:15:36 [WARNING] src.models.base: Failed to replace model.layers.2.self_attn.v_proj: 'LoRALayer' object has no attribute 'rank'
2025-11-17 01:15:36 [WARNING] src.models.base: Failed to replace model.layers.3.self_attn.k_proj: 'LoRALayer' object has no attribute 'rank'
2025-11-17 01:15:36 [WARNING] src.models.base: Failed to replace model.layers.3.self_attn.v_proj: 'LoRALayer' object has no attribute 'rank'
2025-11-17 01:15:36 [WARNING] src.models.base: Failed to replace model.layers.4.self_attn.k_proj: 'LoRALayer' object has no attribute 'rank'
2025-11-17 01:15:36 [WARNING] src.models.base: Failed to replace model.layers.4.self_attn.v_proj: 'LoRALayer' object has no attribute 'rank'
2025-11-17 01:15:36 [WARNING] src.models.base: Failed to replace model.layers.5.self_attn.k_proj: 'LoRALayer' object has no attribute 'rank'
2025-11-17 01:15:36 [WARNING] src.models.base: Failed to replace model.layers.5.self_attn.v_proj: 'LoRALayer' object has no attribute 'rank'
2025-11-17 01:15:36 [WARNING] src.models.base: Failed to replace model.layers.6.self_attn.k_proj: 'LoRALayer' object has no attribute 'rank'
2025-11-17 01:15:36 [WARNING] src.models.base: Failed to replace model.layers.6.self_attn.v_proj: 'LoRALayer' object has no attribute 'rank'
2025-11-17 01:15:36 [WARNING] src.models.base: Failed to replace model.layers.7.self_attn.k_proj: 'LoRALayer' object has no attribute 'rank'
2025-11-17 01:15:36 [WARNING] src.models.base: Failed to replace model.layers.7.self_attn.v_proj: 'LoRALayer' object has no attribute 'rank'
2025-11-17 01:15:36 [WARNING] src.models.base: Failed to replace model.layers.8.self_attn.k_proj: 'LoRALayer' object has no attribute 'rank'
2025-11-17 01:15:36 [WARNING] src.models.base: Failed to replace model.layers.8.self_attn.v_proj: 'LoRALayer' object has no attribute 'rank'
2025-11-17 01:15:36 [WARNING] src.models.base: Failed to replace model.layers.9.self_attn.k_proj: 'LoRALayer' object has no attribute 'rank'
2025-11-17 01:15:36 [WARNING] src.models.base: Failed to replace model.layers.9.self_attn.v_proj: 'LoRALayer' object has no attribute 'rank'
2025-11-17 01:15:36 [WARNING] src.models.base: Failed to replace model.layers.10.self_attn.k_proj: 'LoRALayer' object has no attribute 'rank'
2025-11-17 01:15:36 [WARNING] src.models.base: Failed to replace model.layers.10.self_attn.v_proj: 'LoRALayer' object has no attribute 'rank'
2025-11-17 01:15:36 [WARNING] src.models.base: Failed to replace model.layers.11.self_attn.k_proj: 'LoRALayer' object has no attribute 'rank'
2025-11-17 01:15:36 [WARNING] src.models.base: Failed to replace model.layers.11.self_attn.v_proj: 'LoRALayer' object has no attribute 'rank'
2025-11-17 01:15:36 [WARNING] src.models.base: Failed to replace model.layers.12.self_attn.k_proj: 'LoRALayer' object has no attribute 'rank'
2025-11-17 01:15:36 [WARNING] src.models.base: Failed to replace model.layers.12.self_attn.v_proj: 'LoRALayer' object has no attribute 'rank'
2025-11-17 01:15:36 [WARNING] src.models.base: Failed to replace model.layers.13.self_attn.k_proj: 'LoRALayer' object has no attribute 'rank'
2025-11-17 01:15:36 [WARNING] src.models.base: Failed to replace model.layers.13.self_attn.v_proj: 'LoRALayer' object has no attribute 'rank'
2025-11-17 01:15:36 [WARNING] src.models.base: Failed to replace model.layers.14.self_attn.k_proj: 'LoRALayer' object has no attribute 'rank'
2025-11-17 01:15:36 [WARNING] src.models.base: Failed to replace model.layers.14.self_attn.v_proj: 'LoRALayer' object has no attribute 'rank'
2025-11-17 01:15:36 [WARNING] src.models.base: Failed to replace model.layers.15.self_attn.k_proj: 'LoRALayer' object has no attribute 'rank'
2025-11-17 01:15:36 [WARNING] src.models.base: Failed to replace model.layers.15.self_attn.v_proj: 'LoRALayer' object has no attribute 'rank'
2025-11-17 01:15:36 [WARNING] src.models.base: Failed to replace model.layers.16.self_attn.k_proj: 'LoRALayer' object has no attribute 'rank'
2025-11-17 01:15:36 [WARNING] src.models.base: Failed to replace model.layers.16.self_attn.v_proj: 'LoRALayer' object has no attribute 'rank'
2025-11-17 01:15:36 [WARNING] src.models.base: Failed to replace model.layers.17.self_attn.k_proj: 'LoRALayer' object has no attribute 'rank'
2025-11-17 01:15:36 [WARNING] src.models.base: Failed to replace model.layers.17.self_attn.v_proj: 'LoRALayer' object has no attribute 'rank'
2025-11-17 01:15:36 [WARNING] src.models.base: Failed to replace model.layers.18.self_attn.k_proj: 'LoRALayer' object has no attribute 'rank'
2025-11-17 01:15:36 [WARNING] src.models.base: Failed to replace model.layers.18.self_attn.v_proj: 'LoRALayer' object has no attribute 'rank'
2025-11-17 01:15:36 [WARNING] src.models.base: Failed to replace model.layers.19.self_attn.k_proj: 'LoRALayer' object has no attribute 'rank'
2025-11-17 01:15:36 [WARNING] src.models.base: Failed to replace model.layers.19.self_attn.v_proj: 'LoRALayer' object has no attribute 'rank'
2025-11-17 01:15:36 [INFO] src.models.base: Applied LinearWithLoRA to 0 layers
2025-11-17 01:15:36 [INFO] src.models.base: Trainable parameters: 0/299601792 (0.00%)
2025-11-17 01:15:36 [INFO] src.training.utils: Optimizing 183 parameter groups
2025-11-17 01:15:36 [INFO] src.training.trainer: Initialized PEFTTrainer with 2851 batches per epoch
2025-11-17 01:15:36 [INFO] src.training.trainer: Starting training...
